// Jest Snapshot v1, https://goo.gl/fbAQLP

exports[`sidebar component test renders the sidebar component 1`] = `
<nav
  className="Sidebar"
/>
`;
