// Jest Snapshot v1, https://goo.gl/fbAQLP

exports[`header test renders the header 1`] = `
<header
  className="Header"
>
  <h1>
    My Cool Kids
  </h1>
</header>
`;
